// Vitest Snapshot v1, https://vitest.dev/guide/snapshot.html

exports[`MyAwesomeApp > should match snapshot 1`] = `
<div>
  <h1>
    Pepe
  </h1>
  <h3>
    Fernandez
  </h3>
  <p>
    1,2,3,4
  </p>
  <p>
    4
  </p>
  <h1>
    activo
  </h1>
  <p
    style="background-color: red; border-radius: 10px; padding: 10px;"
  >
    {"pepe":"juan"}
  </p>
</div>
`;
